v1-cold ended 48.0852 records 0
v1-cold saved 285 frames 0 crops dropped 0
v2-warm-a ended 11.1681 records 0
Traceback (most recent call last):
  File "/usr/lib/python3.14/asyncio/runners.py", line 127, in run
    return self._loop.run_until_complete(task)
           ~~~~~~~~~~~~~~~~~~~~~~~~~~~~~^^^^^^
  File "/usr/lib/python3.14/asyncio/base_events.py", line 719, in run_until_complete
    return future.result()
           ~~~~~~~~~~~~~^^
  File "/home/olesya/Projects/yolo-shop/reports/video-comparison/browser_comparison.py", line 90, in main
    await asyncio.sleep(.5);log.close()
    ^^^^^^^^^^^^^^^^^^^^^^^
  File "/usr/lib/python3.14/asyncio/tasks.py", line 702, in sleep
    return await future
           ^^^^^^^^^^^^
asyncio.exceptions.CancelledError

During handling of the above exception, another exception occurred:

Traceback (most recent call last):
  File "/home/olesya/Projects/yolo-shop/reports/video-comparison/browser_comparison.py", line 95, in <module>
    asyncio.run(main())
    ~~~~~~~~~~~^^^^^^^^
  File "/usr/lib/python3.14/asyncio/runners.py", line 204, in run
    return runner.run(main)
           ~~~~~~~~~~^^^^^^
  File "/usr/lib/python3.14/asyncio/runners.py", line 132, in run
    raise KeyboardInterrupt()
KeyboardInterrupt
